[4420:5760:0602/114532.284:WARNING:chrome_main_delegate.cc(745)] This is Chrome version 128.0.6613.138 (not a warning)
[4420:5760:0602/114548.008:WARNING:account_consistency_mode_manager.cc(77)] Desktop Identity Consistency cannot be enabled as no OAuth client ID and client secret have been configured.
[17248:45652:0602/114654.177:WARNING:frame_impl.cc(430)] virtual CefFrameImpl::SendProcessMessage sent to detached frame 5-4D54F1A0A06CE04F03EBBF283ADD293A will be ignored
[1408:47248:0602/114657.419:WARNING:frame_impl.cc(430)] virtual CefFrameImpl::SendProcessMessage sent to detached frame 6-4BE264C362F6819737DD54B5E0D92D8E will be ignored
[9728:35272:0602/114657.685:ERROR:shared_image_manager.cc(224)] SharedImageManager::ProduceSkia: Trying to Produce a Skia representation from a non-existent mailbox.
[4420:45816:0602/114700.613:WARNING:browser_info.cc(345)] Returning a speculative frame for [10,9]
[4420:5760:0602/114700.739:WARNING:browser_info.cc(345)] Returning a speculative frame for [11,5]
[4420:5760:0602/114700.740:WARNING:browser_info.cc(345)] Returning a speculative frame for [11,5]
[4420:5760:0602/114700.740:WARNING:browser_info.cc(345)] Returning a speculative frame for [11,5]
[4420:5760:0602/114700.740:WARNING:browser_info.cc(345)] Returning a speculative frame for [11,5]
[4420:45816:0602/114701.059:WARNING:browser_info.cc(345)] Returning a speculative frame for [11,5]
[12124:38648:0602/114714.744:WARNING:codec.cc(525)] Explicitly added H264 constrained baseline to list of supported formats.
[12124:38648:0602/114715.474:WARNING:codec.cc(525)] Explicitly added H264 constrained baseline to list of supported formats.
[12124:6604:0602/114716.102:WARNING:codec.cc(525)] Explicitly added H264 constrained baseline to list of supported formats.
[12124:6604:0602/114716.102:WARNING:codec.cc(525)] Explicitly added H264 constrained baseline to list of supported formats.
[12124:6604:0602/114716.103:WARNING:codec.cc(525)] Explicitly added H264 constrained baseline to list of supported formats.
[20680:5492:0602/114716.350:WARNING:host_resolver_dns_task.cc(863)] Address list empty after RFC3484 sort
[20680:5492:0602/114716.360:ERROR:socket_manager.cc(147)] Failed to resolve address for stun.cloudflare.com., errorcode: -105
[20680:5492:0602/114716.360:ERROR:socket_manager.cc(147)] Failed to resolve address for stun.cloudflare.com., errorcode: -105
[20680:5492:0602/114716.360:ERROR:socket_manager.cc(147)] Failed to resolve address for stun.cloudflare.com., errorcode: -105
[12124:6604:0602/114716.376:WARNING:stun_port.cc(442)] Port[33e0c00:0:1:0:host:Net[any:0:0:0:x:x:x:x:x/0:Wildcard:id=0]]: StunPort: stun host lookup received error -1
[4420:45816:0602/114923.390:WARNING:browser_info.cc(345)] Returning a speculative frame for [12,9]
[4420:5760:0602/114923.423:WARNING:browser_info.cc(345)] Returning a speculative frame for [12,9]
[4420:5760:0602/114923.423:WARNING:browser_info.cc(345)] Returning a speculative frame for [12,9]
[4420:5760:0602/114923.423:WARNING:browser_info.cc(345)] Returning a speculative frame for [12,9]
[4420:5760:0602/114923.425:WARNING:browser_info.cc(345)] Returning a speculative frame for [12,9]
[20068:40552:0602/114924.879:WARNING:codec.cc(525)] Explicitly added H264 constrained baseline to list of supported formats.
[20068:40552:0602/114924.891:WARNING:codec.cc(525)] Explicitly added H264 constrained baseline to list of supported formats.
[20068:45788:0602/114924.897:WARNING:codec.cc(525)] Explicitly added H264 constrained baseline to list of supported formats.
[20068:45788:0602/114924.898:WARNING:codec.cc(525)] Explicitly added H264 constrained baseline to list of supported formats.
[20068:45788:0602/114924.898:WARNING:codec.cc(525)] Explicitly added H264 constrained baseline to list of supported formats.
[20680:5492:0602/114924.928:WARNING:host_resolver_dns_task.cc(863)] Address list empty after RFC3484 sort
[20680:5492:0602/114924.936:ERROR:socket_manager.cc(147)] Failed to resolve address for stun.cloudflare.com., errorcode: -105
[20680:5492:0602/114924.936:ERROR:socket_manager.cc(147)] Failed to resolve address for stun.cloudflare.com., errorcode: -105
[20680:5492:0602/114924.936:ERROR:socket_manager.cc(147)] Failed to resolve address for stun.cloudflare.com., errorcode: -105
[20068:45788:0602/114924.997:WARNING:stun_port.cc(442)] Port[3c8d800:0:1:0:host:Net[any:0:0:0:x:x:x:x:x/0:Wildcard:id=0]]: StunPort: stun host lookup received error -1
[20068:45788:0602/114924.999:WARNING:stun_port.cc(442)] Port[3c8e000:1:1:0:host:Net[any:0:0:0:x:x:x:x:x/0:Wildcard:id=0]]: StunPort: stun host lookup received error -1
[20068:45788:0602/114924.999:WARNING:stun_port.cc(442)] Port[3c8e800:2:1:0:host:Net[any:0:0:0:x:x:x:x:x/0:Wildcard:id=0]]: StunPort: stun host lookup received error -1
[4420:45816:0602/115131.922:WARNING:browser_info.cc(345)] Returning a speculative frame for [14,9]
[4420:5760:0602/115131.941:WARNING:browser_info.cc(345)] Returning a speculative frame for [14,9]
[4420:5760:0602/115131.941:WARNING:browser_info.cc(345)] Returning a speculative frame for [14,9]
[4420:5760:0602/115131.941:WARNING:browser_info.cc(345)] Returning a speculative frame for [14,9]
[4420:5760:0602/115131.941:WARNING:browser_info.cc(345)] Returning a speculative frame for [14,9]
[50044:45848:0602/115134.940:WARNING:codec.cc(525)] Explicitly added H264 constrained baseline to list of supported formats.
[50044:45848:0602/115134.949:WARNING:codec.cc(525)] Explicitly added H264 constrained baseline to list of supported formats.
[50044:26148:0602/115134.956:WARNING:codec.cc(525)] Explicitly added H264 constrained baseline to list of supported formats.
[50044:26148:0602/115134.956:WARNING:codec.cc(525)] Explicitly added H264 constrained baseline to list of supported formats.
[50044:26148:0602/115134.957:WARNING:codec.cc(525)] Explicitly added H264 constrained baseline to list of supported formats.
[20680:5492:0602/115134.972:WARNING:host_resolver_dns_task.cc(863)] Address list empty after RFC3484 sort
[20680:5492:0602/115134.973:ERROR:socket_manager.cc(147)] Failed to resolve address for stun.cloudflare.com., errorcode: -105
[20680:5492:0602/115134.973:ERROR:socket_manager.cc(147)] Failed to resolve address for stun.cloudflare.com., errorcode: -105
[20680:5492:0602/115134.973:ERROR:socket_manager.cc(147)] Failed to resolve address for stun.cloudflare.com., errorcode: -105
[50044:26148:0602/115134.974:WARNING:stun_port.cc(442)] Port[480ac00:0:1:0:host:Net[any:0:0:0:x:x:x:x:x/0:Wildcard:id=0]]: StunPort: stun host lookup received error -1
[50044:26148:0602/115134.974:WARNING:stun_port.cc(442)] Port[480b400:1:1:0:host:Net[any:0:0:0:x:x:x:x:x/0:Wildcard:id=0]]: StunPort: stun host lookup received error -1
[50044:26148:0602/115134.974:WARNING:stun_port.cc(442)] Port[5178000:2:1:0:host:Net[any:0:0:0:x:x:x:x:x/0:Wildcard:id=0]]: StunPort: stun host lookup received error -1
[4420:45816:0602/115406.871:WARNING:browser_info.cc(345)] Returning a speculative frame for [15,9]
[4420:5760:0602/115406.908:WARNING:browser_info.cc(345)] Returning a speculative frame for [15,9]
[4420:5760:0602/115406.908:WARNING:browser_info.cc(345)] Returning a speculative frame for [15,9]
[4420:5760:0602/115406.908:WARNING:browser_info.cc(345)] Returning a speculative frame for [15,9]
[4420:5760:0602/115406.908:WARNING:browser_info.cc(345)] Returning a speculative frame for [15,9]
[36016:47568:0602/115407.711:WARNING:codec.cc(525)] Explicitly added H264 constrained baseline to list of supported formats.
[36016:47568:0602/115407.725:WARNING:codec.cc(525)] Explicitly added H264 constrained baseline to list of supported formats.
[36016:39244:0602/115407.734:WARNING:codec.cc(525)] Explicitly added H264 constrained baseline to list of supported formats.
[36016:39244:0602/115407.734:WARNING:codec.cc(525)] Explicitly added H264 constrained baseline to list of supported formats.
[36016:39244:0602/115407.735:WARNING:codec.cc(525)] Explicitly added H264 constrained baseline to list of supported formats.
[20680:5492:0602/115407.774:WARNING:host_resolver_dns_task.cc(863)] Address list empty after RFC3484 sort
[20680:5492:0602/115407.780:ERROR:socket_manager.cc(147)] Failed to resolve address for stun.cloudflare.com., errorcode: -105
[20680:5492:0602/115407.780:ERROR:socket_manager.cc(147)] Failed to resolve address for stun.cloudflare.com., errorcode: -105
[20680:5492:0602/115407.780:ERROR:socket_manager.cc(147)] Failed to resolve address for stun.cloudflare.com., errorcode: -105
[36016:39244:0602/115407.781:WARNING:stun_port.cc(442)] Port[18bb400:0:1:0:host:Net[any:0:0:0:x:x:x:x:x/0:Wildcard:id=0]]: StunPort: stun host lookup received error -1
[36016:39244:0602/115407.781:WARNING:stun_port.cc(442)] Port[1f64400:1:1:0:host:Net[any:0:0:0:x:x:x:x:x/0:Wildcard:id=0]]: StunPort: stun host lookup received error -1
[36016:39244:0602/115407.781:WARNING:stun_port.cc(442)] Port[1f64c00:2:1:0:host:Net[any:0:0:0:x:x:x:x:x/0:Wildcard:id=0]]: StunPort: stun host lookup received error -1
[4420:45816:0602/115625.917:WARNING:browser_info.cc(345)] Returning a speculative frame for [16,9]
[4420:5760:0602/115625.952:WARNING:browser_info.cc(345)] Returning a speculative frame for [16,9]
[4420:5760:0602/115625.952:WARNING:browser_info.cc(345)] Returning a speculative frame for [16,9]
[4420:5760:0602/115625.952:WARNING:browser_info.cc(345)] Returning a speculative frame for [16,9]
[4420:5760:0602/115625.952:WARNING:browser_info.cc(345)] Returning a speculative frame for [16,9]
[36148:41632:0602/115628.157:WARNING:codec.cc(525)] Explicitly added H264 constrained baseline to list of supported formats.
[36148:41632:0602/115628.170:WARNING:codec.cc(525)] Explicitly added H264 constrained baseline to list of supported formats.
[36148:28992:0602/115628.178:WARNING:codec.cc(525)] Explicitly added H264 constrained baseline to list of supported formats.
[36148:28992:0602/115628.178:WARNING:codec.cc(525)] Explicitly added H264 constrained baseline to list of supported formats.
[36148:28992:0602/115628.179:WARNING:codec.cc(525)] Explicitly added H264 constrained baseline to list of supported formats.
[20680:5492:0602/115628.203:WARNING:host_resolver_dns_task.cc(863)] Address list empty after RFC3484 sort
[20680:5492:0602/115628.203:ERROR:socket_manager.cc(147)] Failed to resolve address for stun.cloudflare.com., errorcode: -105
[20680:5492:0602/115628.203:ERROR:socket_manager.cc(147)] Failed to resolve address for stun.cloudflare.com., errorcode: -105
[20680:5492:0602/115628.203:ERROR:socket_manager.cc(147)] Failed to resolve address for stun.cloudflare.com., errorcode: -105
[36148:28992:0602/115628.205:WARNING:stun_port.cc(442)] Port[4922400:0:1:0:host:Net[any:0:0:0:x:x:x:x:x/0:Wildcard:id=0]]: StunPort: stun host lookup received error -1
[36148:28992:0602/115628.205:WARNING:stun_port.cc(442)] Port[4922c00:1:1:0:host:Net[any:0:0:0:x:x:x:x:x/0:Wildcard:id=0]]: StunPort: stun host lookup received error -1
[36148:28992:0602/115628.205:WARNING:stun_port.cc(442)] Port[4923400:2:1:0:host:Net[any:0:0:0:x:x:x:x:x/0:Wildcard:id=0]]: StunPort: stun host lookup received error -1
[4420:45816:0602/115845.964:WARNING:browser_info.cc(345)] Returning a speculative frame for [17,9]
[4420:5760:0602/115846.011:WARNING:browser_info.cc(345)] Returning a speculative frame for [17,9]
[4420:5760:0602/115846.011:WARNING:browser_info.cc(345)] Returning a speculative frame for [17,9]
[4420:5760:0602/115846.011:WARNING:browser_info.cc(345)] Returning a speculative frame for [17,9]
[4420:5760:0602/115846.011:WARNING:browser_info.cc(345)] Returning a speculative frame for [17,9]
[31548:21460:0602/115846.847:WARNING:codec.cc(525)] Explicitly added H264 constrained baseline to list of supported formats.
[31548:21460:0602/115846.860:WARNING:codec.cc(525)] Explicitly added H264 constrained baseline to list of supported formats.
[31548:19512:0602/115846.867:WARNING:codec.cc(525)] Explicitly added H264 constrained baseline to list of supported formats.
[31548:19512:0602/115846.867:WARNING:codec.cc(525)] Explicitly added H264 constrained baseline to list of supported formats.
[31548:19512:0602/115846.868:WARNING:codec.cc(525)] Explicitly added H264 constrained baseline to list of supported formats.
[20680:5492:0602/115846.893:WARNING:host_resolver_dns_task.cc(863)] Address list empty after RFC3484 sort
[20680:5492:0602/115846.901:ERROR:socket_manager.cc(147)] Failed to resolve address for stun.cloudflare.com., errorcode: -105
[20680:5492:0602/115846.901:ERROR:socket_manager.cc(147)] Failed to resolve address for stun.cloudflare.com., errorcode: -105
[20680:5492:0602/115846.901:ERROR:socket_manager.cc(147)] Failed to resolve address for stun.cloudflare.com., errorcode: -105
[31548:19512:0602/115846.901:WARNING:stun_port.cc(442)] Port[1348400:0:1:0:host:Net[any:0:0:0:x:x:x:x:x/0:Wildcard:id=0]]: StunPort: stun host lookup received error -1
[31548:19512:0602/115846.901:WARNING:stun_port.cc(442)] Port[1e3fc00:1:1:0:host:Net[any:0:0:0:x:x:x:x:x/0:Wildcard:id=0]]: StunPort: stun host lookup received error -1
[31548:19512:0602/115846.901:WARNING:stun_port.cc(442)] Port[2534800:2:1:0:host:Net[any:0:0:0:x:x:x:x:x/0:Wildcard:id=0]]: StunPort: stun host lookup received error -1
[4420:45816:0602/120104.912:WARNING:browser_info.cc(345)] Returning a speculative frame for [18,9]
[4420:5760:0602/120104.941:WARNING:browser_info.cc(345)] Returning a speculative frame for [18,9]
[4420:5760:0602/120104.942:WARNING:browser_info.cc(345)] Returning a speculative frame for [18,9]
[4420:5760:0602/120104.942:WARNING:browser_info.cc(345)] Returning a speculative frame for [18,9]
[4420:5760:0602/120104.942:WARNING:browser_info.cc(345)] Returning a speculative frame for [18,9]
[27056:37884:0602/120107.727:WARNING:codec.cc(525)] Explicitly added H264 constrained baseline to list of supported formats.
[27056:37884:0602/120107.735:WARNING:codec.cc(525)] Explicitly added H264 constrained baseline to list of supported formats.
[27056:11256:0602/120107.741:WARNING:codec.cc(525)] Explicitly added H264 constrained baseline to list of supported formats.
[27056:11256:0602/120107.741:WARNING:codec.cc(525)] Explicitly added H264 constrained baseline to list of supported formats.
[27056:11256:0602/120107.742:WARNING:codec.cc(525)] Explicitly added H264 constrained baseline to list of supported formats.
[20680:5492:0602/120107.755:WARNING:host_resolver_dns_task.cc(863)] Address list empty after RFC3484 sort
[20680:5492:0602/120107.756:ERROR:socket_manager.cc(147)] Failed to resolve address for stun.cloudflare.com., errorcode: -105
[20680:5492:0602/120107.756:ERROR:socket_manager.cc(147)] Failed to resolve address for stun.cloudflare.com., errorcode: -105
[20680:5492:0602/120107.756:ERROR:socket_manager.cc(147)] Failed to resolve address for stun.cloudflare.com., errorcode: -105
[27056:11256:0602/120107.756:WARNING:stun_port.cc(442)] Port[410e400:0:1:0:host:Net[any:0:0:0:x:x:x:x:x/0:Wildcard:id=0]]: StunPort: stun host lookup received error -1
[27056:11256:0602/120107.756:WARNING:stun_port.cc(442)] Port[410f400:1:1:0:host:Net[any:0:0:0:x:x:x:x:x/0:Wildcard:id=0]]: StunPort: stun host lookup received error -1
[27056:11256:0602/120107.756:WARNING:stun_port.cc(442)] Port[4c4cc00:2:1:0:host:Net[any:0:0:0:x:x:x:x:x/0:Wildcard:id=0]]: StunPort: stun host lookup received error -1
[4420:45816:0602/120323.949:WARNING:browser_info.cc(345)] Returning a speculative frame for [19,9]
[4420:5760:0602/120323.988:WARNING:browser_info.cc(345)] Returning a speculative frame for [19,9]
[4420:5760:0602/120323.988:WARNING:browser_info.cc(345)] Returning a speculative frame for [19,9]
[4420:5760:0602/120323.988:WARNING:browser_info.cc(345)] Returning a speculative frame for [19,9]
[4420:5760:0602/120323.988:WARNING:browser_info.cc(345)] Returning a speculative frame for [19,9]
[21948:29188:0602/120324.817:WARNING:codec.cc(525)] Explicitly added H264 constrained baseline to list of supported formats.
[21948:29188:0602/120324.837:WARNING:codec.cc(525)] Explicitly added H264 constrained baseline to list of supported formats.
[21948:18704:0602/120324.849:WARNING:codec.cc(525)] Explicitly added H264 constrained baseline to list of supported formats.
[21948:18704:0602/120324.849:WARNING:codec.cc(525)] Explicitly added H264 constrained baseline to list of supported formats.
[21948:18704:0602/120324.850:WARNING:codec.cc(525)] Explicitly added H264 constrained baseline to list of supported formats.
[20680:5492:0602/120324.869:WARNING:host_resolver_dns_task.cc(863)] Address list empty after RFC3484 sort
[20680:5492:0602/120324.875:ERROR:socket_manager.cc(147)] Failed to resolve address for stun.cloudflare.com., errorcode: -105
[20680:5492:0602/120324.875:ERROR:socket_manager.cc(147)] Failed to resolve address for stun.cloudflare.com., errorcode: -105
[20680:5492:0602/120324.875:ERROR:socket_manager.cc(147)] Failed to resolve address for stun.cloudflare.com., errorcode: -105
[21948:18704:0602/120324.875:WARNING:stun_port.cc(442)] Port[23c0c00:0:1:0:host:Net[any:0:0:0:x:x:x:x:x/0:Wildcard:id=0]]: StunPort: stun host lookup received error -1
[21948:18704:0602/120324.875:WARNING:stun_port.cc(442)] Port[23c1400:1:1:0:host:Net[any:0:0:0:x:x:x:x:x/0:Wildcard:id=0]]: StunPort: stun host lookup received error -1
[21948:18704:0602/120324.875:WARNING:stun_port.cc(442)] Port[23c1c00:2:1:0:host:Net[any:0:0:0:x:x:x:x:x/0:Wildcard:id=0]]: StunPort: stun host lookup received error -1
[4420:45816:0602/120544.045:WARNING:browser_info.cc(345)] Returning a speculative frame for [20,9]
[4420:5760:0602/120544.096:WARNING:browser_info.cc(345)] Returning a speculative frame for [20,9]
[4420:5760:0602/120544.097:WARNING:browser_info.cc(345)] Returning a speculative frame for [20,9]
[4420:5760:0602/120544.097:WARNING:browser_info.cc(345)] Returning a speculative frame for [20,9]
[4420:5760:0602/120544.097:WARNING:browser_info.cc(345)] Returning a speculative frame for [20,9]
[43428:16988:0602/120546.075:WARNING:codec.cc(525)] Explicitly added H264 constrained baseline to list of supported formats.
[43428:16988:0602/120546.091:WARNING:codec.cc(525)] Explicitly added H264 constrained baseline to list of supported formats.
[43428:47828:0602/120546.099:WARNING:codec.cc(525)] Explicitly added H264 constrained baseline to list of supported formats.
[43428:47828:0602/120546.099:WARNING:codec.cc(525)] Explicitly added H264 constrained baseline to list of supported formats.
[43428:47828:0602/120546.100:WARNING:codec.cc(525)] Explicitly added H264 constrained baseline to list of supported formats.
[20680:5492:0602/120546.128:WARNING:host_resolver_dns_task.cc(863)] Address list empty after RFC3484 sort
[20680:5492:0602/120546.136:ERROR:socket_manager.cc(147)] Failed to resolve address for stun.cloudflare.com., errorcode: -105
[20680:5492:0602/120546.136:ERROR:socket_manager.cc(147)] Failed to resolve address for stun.cloudflare.com., errorcode: -105
[20680:5492:0602/120546.136:ERROR:socket_manager.cc(147)] Failed to resolve address for stun.cloudflare.com., errorcode: -105
[43428:47828:0602/120546.136:WARNING:stun_port.cc(442)] Port[f44c00:0:1:0:host:Net[any:0:0:0:x:x:x:x:x/0:Wildcard:id=0]]: StunPort: stun host lookup received error -1
[43428:47828:0602/120546.138:WARNING:stun_port.cc(442)] Port[3fce000:1:1:0:host:Net[any:0:0:0:x:x:x:x:x/0:Wildcard:id=0]]: StunPort: stun host lookup received error -1
[43428:47828:0602/120546.138:WARNING:stun_port.cc(442)] Port[3fce800:2:1:0:host:Net[any:0:0:0:x:x:x:x:x/0:Wildcard:id=0]]: StunPort: stun host lookup received error -1
[4420:45816:0602/120811.994:WARNING:browser_info.cc(345)] Returning a speculative frame for [21,9]
[4420:5760:0602/120812.032:WARNING:browser_info.cc(345)] Returning a speculative frame for [21,9]
[4420:5760:0602/120812.032:WARNING:browser_info.cc(345)] Returning a speculative frame for [21,9]
[4420:5760:0602/120812.032:WARNING:browser_info.cc(345)] Returning a speculative frame for [21,9]
[4420:5760:0602/120812.032:WARNING:browser_info.cc(345)] Returning a speculative frame for [21,9]
[4820:44788:0602/120814.796:WARNING:codec.cc(525)] Explicitly added H264 constrained baseline to list of supported formats.
[4820:44788:0602/120814.803:WARNING:codec.cc(525)] Explicitly added H264 constrained baseline to list of supported formats.
[4820:30624:0602/120814.808:WARNING:codec.cc(525)] Explicitly added H264 constrained baseline to list of supported formats.
[4820:30624:0602/120814.808:WARNING:codec.cc(525)] Explicitly added H264 constrained baseline to list of supported formats.
[4820:30624:0602/120814.809:WARNING:codec.cc(525)] Explicitly added H264 constrained baseline to list of supported formats.
[20680:5492:0602/120814.832:WARNING:host_resolver_dns_task.cc(863)] Address list empty after RFC3484 sort
[20680:5492:0602/120814.839:ERROR:socket_manager.cc(147)] Failed to resolve address for stun.cloudflare.com., errorcode: -105
[20680:5492:0602/120814.839:ERROR:socket_manager.cc(147)] Failed to resolve address for stun.cloudflare.com., errorcode: -105
[20680:5492:0602/120814.839:ERROR:socket_manager.cc(147)] Failed to resolve address for stun.cloudflare.com., errorcode: -105
[4820:30624:0602/120814.840:WARNING:stun_port.cc(442)] Port[ff8800:0:1:0:host:Net[any:0:0:0:x:x:x:x:x/0:Wildcard:id=0]]: StunPort: stun host lookup received error -1
[4820:30624:0602/120814.840:WARNING:stun_port.cc(442)] Port[49ba000:1:1:0:host:Net[any:0:0:0:x:x:x:x:x/0:Wildcard:id=0]]: StunPort: stun host lookup received error -1
[4820:30624:0602/120814.840:WARNING:stun_port.cc(442)] Port[dca000:2:1:0:host:Net[any:0:0:0:x:x:x:x:x/0:Wildcard:id=0]]: StunPort: stun host lookup received error -1
[4420:45816:0602/121030.831:WARNING:browser_info.cc(345)] Returning a speculative frame for [22,9]
[4420:5760:0602/121030.856:WARNING:browser_info.cc(345)] Returning a speculative frame for [22,9]
[4420:5760:0602/121030.857:WARNING:browser_info.cc(345)] Returning a speculative frame for [22,9]
[4420:5760:0602/121030.857:WARNING:browser_info.cc(345)] Returning a speculative frame for [22,9]
[4420:5760:0602/121030.857:WARNING:browser_info.cc(345)] Returning a speculative frame for [22,9]
[39564:19564:0602/121033.598:WARNING:codec.cc(525)] Explicitly added H264 constrained baseline to list of supported formats.
[39564:19564:0602/121033.606:WARNING:codec.cc(525)] Explicitly added H264 constrained baseline to list of supported formats.
[39564:22176:0602/121033.613:WARNING:codec.cc(525)] Explicitly added H264 constrained baseline to list of supported formats.
[39564:22176:0602/121033.613:WARNING:codec.cc(525)] Explicitly added H264 constrained baseline to list of supported formats.
[39564:22176:0602/121033.613:WARNING:codec.cc(525)] Explicitly added H264 constrained baseline to list of supported formats.
[20680:5492:0602/121033.638:WARNING:host_resolver_dns_task.cc(863)] Address list empty after RFC3484 sort
[20680:5492:0602/121033.645:ERROR:socket_manager.cc(147)] Failed to resolve address for stun.cloudflare.com., errorcode: -105
[20680:5492:0602/121033.645:ERROR:socket_manager.cc(147)] Failed to resolve address for stun.cloudflare.com., errorcode: -105
[20680:5492:0602/121033.645:ERROR:socket_manager.cc(147)] Failed to resolve address for stun.cloudflare.com., errorcode: -105
[39564:22176:0602/121033.645:WARNING:stun_port.cc(442)] Port[48d6800:0:1:0:host:Net[any:0:0:0:x:x:x:x:x/0:Wildcard:id=0]]: StunPort: stun host lookup received error -1
[39564:22176:0602/121033.646:WARNING:stun_port.cc(442)] Port[48d7000:1:1:0:host:Net[any:0:0:0:x:x:x:x:x/0:Wildcard:id=0]]: StunPort: stun host lookup received error -1
[39564:22176:0602/121033.646:WARNING:stun_port.cc(442)] Port[48d7800:2:1:0:host:Net[any:0:0:0:x:x:x:x:x/0:Wildcard:id=0]]: StunPort: stun host lookup received error -1
[4420:45816:0602/121249.972:WARNING:browser_info.cc(345)] Returning a speculative frame for [23,9]
[4420:5760:0602/121249.993:WARNING:browser_info.cc(345)] Returning a speculative frame for [23,9]
[4420:5760:0602/121249.993:WARNING:browser_info.cc(345)] Returning a speculative frame for [23,9]
[4420:5760:0602/121249.993:WARNING:browser_info.cc(345)] Returning a speculative frame for [23,9]
[4420:5760:0602/121249.993:WARNING:browser_info.cc(345)] Returning a speculative frame for [23,9]
[43000:35584:0602/121252.538:WARNING:codec.cc(525)] Explicitly added H264 constrained baseline to list of supported formats.
[43000:35584:0602/121252.546:WARNING:codec.cc(525)] Explicitly added H264 constrained baseline to list of supported formats.
[43000:40204:0602/121252.555:WARNING:codec.cc(525)] Explicitly added H264 constrained baseline to list of supported formats.
[43000:40204:0602/121252.555:WARNING:codec.cc(525)] Explicitly added H264 constrained baseline to list of supported formats.
[43000:40204:0602/121252.555:WARNING:codec.cc(525)] Explicitly added H264 constrained baseline to list of supported formats.
[20680:5492:0602/121252.570:WARNING:host_resolver_dns_task.cc(863)] Address list empty after RFC3484 sort
[20680:5492:0602/121252.570:ERROR:socket_manager.cc(147)] Failed to resolve address for stun.cloudflare.com., errorcode: -105
[20680:5492:0602/121252.570:ERROR:socket_manager.cc(147)] Failed to resolve address for stun.cloudflare.com., errorcode: -105
[20680:5492:0602/121252.570:ERROR:socket_manager.cc(147)] Failed to resolve address for stun.cloudflare.com., errorcode: -105
[43000:40204:0602/121252.570:WARNING:stun_port.cc(442)] Port[50dc800:0:1:0:host:Net[any:0:0:0:x:x:x:x:x/0:Wildcard:id=0]]: StunPort: stun host lookup received error -1
[43000:40204:0602/121252.570:WARNING:stun_port.cc(442)] Port[50dd000:1:1:0:host:Net[any:0:0:0:x:x:x:x:x/0:Wildcard:id=0]]: StunPort: stun host lookup received error -1
[43000:40204:0602/121252.570:WARNING:stun_port.cc(442)] Port[50dd800:2:1:0:host:Net[any:0:0:0:x:x:x:x:x/0:Wildcard:id=0]]: StunPort: stun host lookup received error -1
[4420:45816:0602/121508.898:WARNING:browser_info.cc(345)] Returning a speculative frame for [24,9]
[4420:5760:0602/121508.938:WARNING:browser_info.cc(345)] Returning a speculative frame for [24,9]
[4420:5760:0602/121508.938:WARNING:browser_info.cc(345)] Returning a speculative frame for [24,9]
[4420:5760:0602/121508.938:WARNING:browser_info.cc(345)] Returning a speculative frame for [24,9]
[4420:5760:0602/121508.938:WARNING:browser_info.cc(345)] Returning a speculative frame for [24,9]
[6816:24080:0602/121509.895:WARNING:codec.cc(525)] Explicitly added H264 constrained baseline to list of supported formats.
[6816:24080:0602/121509.910:WARNING:codec.cc(525)] Explicitly added H264 constrained baseline to list of supported formats.
[6816:49952:0602/121509.917:WARNING:codec.cc(525)] Explicitly added H264 constrained baseline to list of supported formats.
[6816:49952:0602/121509.917:WARNING:codec.cc(525)] Explicitly added H264 constrained baseline to list of supported formats.
[6816:49952:0602/121509.918:WARNING:codec.cc(525)] Explicitly added H264 constrained baseline to list of supported formats.
[20680:5492:0602/121509.933:WARNING:host_resolver_dns_task.cc(863)] Address list empty after RFC3484 sort
[20680:5492:0602/121509.941:ERROR:socket_manager.cc(147)] Failed to resolve address for stun.cloudflare.com., errorcode: -105
[20680:5492:0602/121509.941:ERROR:socket_manager.cc(147)] Failed to resolve address for stun.cloudflare.com., errorcode: -105
[20680:5492:0602/121509.941:ERROR:socket_manager.cc(147)] Failed to resolve address for stun.cloudflare.com., errorcode: -105
[6816:49952:0602/121509.941:WARNING:stun_port.cc(442)] Port[1f6cc00:0:1:0:host:Net[any:0:0:0:x:x:x:x:x/0:Wildcard:id=0]]: StunPort: stun host lookup received error -1
[6816:49952:0602/121509.941:WARNING:stun_port.cc(442)] Port[1f6d400:1:1:0:host:Net[any:0:0:0:x:x:x:x:x/0:Wildcard:id=0]]: StunPort: stun host lookup received error -1
[6816:49952:0602/121509.941:WARNING:stun_port.cc(442)] Port[1f6dc00:2:1:0:host:Net[any:0:0:0:x:x:x:x:x/0:Wildcard:id=0]]: StunPort: stun host lookup received error -1
[4420:45816:0602/121727.984:WARNING:browser_info.cc(345)] Returning a speculative frame for [25,9]
[4420:5760:0602/121728.000:WARNING:browser_info.cc(345)] Returning a speculative frame for [25,9]
[4420:5760:0602/121728.000:WARNING:browser_info.cc(345)] Returning a speculative frame for [25,9]
[4420:5760:0602/121728.000:WARNING:browser_info.cc(345)] Returning a speculative frame for [25,9]
[4420:5760:0602/121728.000:WARNING:browser_info.cc(345)] Returning a speculative frame for [25,9]
[43452:29184:0602/121729.948:WARNING:codec.cc(525)] Explicitly added H264 constrained baseline to list of supported formats.
[43452:29184:0602/121729.955:WARNING:codec.cc(525)] Explicitly added H264 constrained baseline to list of supported formats.
[43452:26652:0602/121729.962:WARNING:codec.cc(525)] Explicitly added H264 constrained baseline to list of supported formats.
[43452:26652:0602/121729.962:WARNING:codec.cc(525)] Explicitly added H264 constrained baseline to list of supported formats.
[43452:26652:0602/121729.963:WARNING:codec.cc(525)] Explicitly added H264 constrained baseline to list of supported formats.
[20680:5492:0602/121729.980:WARNING:host_resolver_dns_task.cc(863)] Address list empty after RFC3484 sort
[20680:5492:0602/121729.980:ERROR:socket_manager.cc(147)] Failed to resolve address for stun.cloudflare.com., errorcode: -105
[20680:5492:0602/121729.980:ERROR:socket_manager.cc(147)] Failed to resolve address for stun.cloudflare.com., errorcode: -105
[20680:5492:0602/121729.981:ERROR:socket_manager.cc(147)] Failed to resolve address for stun.cloudflare.com., errorcode: -105
[43452:26652:0602/121729.981:WARNING:stun_port.cc(442)] Port[4bab400:0:1:0:host:Net[any:0:0:0:x:x:x:x:x/0:Wildcard:id=0]]: StunPort: stun host lookup received error -1
[43452:26652:0602/121729.981:WARNING:stun_port.cc(442)] Port[4d10000:1:1:0:host:Net[any:0:0:0:x:x:x:x:x/0:Wildcard:id=0]]: StunPort: stun host lookup received error -1
[43452:26652:0602/121729.981:WARNING:stun_port.cc(442)] Port[4d10400:2:1:0:host:Net[any:0:0:0:x:x:x:x:x/0:Wildcard:id=0]]: StunPort: stun host lookup received error -1
[4420:45816:0602/121946.868:WARNING:browser_info.cc(345)] Returning a speculative frame for [26,9]
[4420:5760:0602/121946.885:WARNING:browser_info.cc(345)] Returning a speculative frame for [26,9]
[4420:5760:0602/121946.885:WARNING:browser_info.cc(345)] Returning a speculative frame for [26,9]
[4420:5760:0602/121946.885:WARNING:browser_info.cc(345)] Returning a speculative frame for [26,9]
[4420:5760:0602/121946.886:WARNING:browser_info.cc(345)] Returning a speculative frame for [26,9]
[39456:44716:0602/121948.404:WARNING:codec.cc(525)] Explicitly added H264 constrained baseline to list of supported formats.
[39456:44716:0602/121948.409:WARNING:codec.cc(525)] Explicitly added H264 constrained baseline to list of supported formats.
[39456:21304:0602/121948.414:WARNING:codec.cc(525)] Explicitly added H264 constrained baseline to list of supported formats.
[39456:21304:0602/121948.414:WARNING:codec.cc(525)] Explicitly added H264 constrained baseline to list of supported formats.
[39456:21304:0602/121948.415:WARNING:codec.cc(525)] Explicitly added H264 constrained baseline to list of supported formats.
[20680:5492:0602/121948.434:WARNING:host_resolver_dns_task.cc(863)] Address list empty after RFC3484 sort
[20680:5492:0602/121948.441:ERROR:socket_manager.cc(147)] Failed to resolve address for stun.cloudflare.com., errorcode: -105
[20680:5492:0602/121948.441:ERROR:socket_manager.cc(147)] Failed to resolve address for stun.cloudflare.com., errorcode: -105
[20680:5492:0602/121948.441:ERROR:socket_manager.cc(147)] Failed to resolve address for stun.cloudflare.com., errorcode: -105
[39456:21304:0602/121948.441:WARNING:stun_port.cc(442)] Port[dc9800:0:1:0:host:Net[any:0:0:0:x:x:x:x:x/0:Wildcard:id=0]]: StunPort: stun host lookup received error -1
[39456:21304:0602/121948.441:WARNING:stun_port.cc(442)] Port[1e9e000:1:1:0:host:Net[any:0:0:0:x:x:x:x:x/0:Wildcard:id=0]]: StunPort: stun host lookup received error -1
[39456:21304:0602/121948.441:WARNING:stun_port.cc(442)] Port[1e9e800:2:1:0:host:Net[any:0:0:0:x:x:x:x:x/0:Wildcard:id=0]]: StunPort: stun host lookup received error -1
[4420:45816:0602/122205.925:WARNING:browser_info.cc(345)] Returning a speculative frame for [27,9]
[4420:5760:0602/122205.966:WARNING:browser_info.cc(345)] Returning a speculative frame for [27,9]
[4420:5760:0602/122205.966:WARNING:browser_info.cc(345)] Returning a speculative frame for [27,9]
[4420:5760:0602/122205.966:WARNING:browser_info.cc(345)] Returning a speculative frame for [27,9]
[4420:5760:0602/122205.966:WARNING:browser_info.cc(345)] Returning a speculative frame for [27,9]
[23392:28308:0602/122207.335:WARNING:codec.cc(525)] Explicitly added H264 constrained baseline to list of supported formats.
[23392:28308:0602/122207.344:WARNING:codec.cc(525)] Explicitly added H264 constrained baseline to list of supported formats.
[23392:41420:0602/122207.350:WARNING:codec.cc(525)] Explicitly added H264 constrained baseline to list of supported formats.
[23392:41420:0602/122207.350:WARNING:codec.cc(525)] Explicitly added H264 constrained baseline to list of supported formats.
[23392:41420:0602/122207.351:WARNING:codec.cc(525)] Explicitly added H264 constrained baseline to list of supported formats.
[20680:5492:0602/122207.367:WARNING:host_resolver_dns_task.cc(863)] Address list empty after RFC3484 sort
[20680:5492:0602/122207.376:ERROR:socket_manager.cc(147)] Failed to resolve address for stun.cloudflare.com., errorcode: -105
[20680:5492:0602/122207.376:ERROR:socket_manager.cc(147)] Failed to resolve address for stun.cloudflare.com., errorcode: -105
[20680:5492:0602/122207.376:ERROR:socket_manager.cc(147)] Failed to resolve address for stun.cloudflare.com., errorcode: -105
[23392:41420:0602/122207.376:WARNING:stun_port.cc(442)] Port[42f2800:0:1:0:host:Net[any:0:0:0:x:x:x:x:x/0:Wildcard:id=0]]: StunPort: stun host lookup received error -1
[23392:41420:0602/122207.376:WARNING:stun_port.cc(442)] Port[42f3000:1:1:0:host:Net[any:0:0:0:x:x:x:x:x/0:Wildcard:id=0]]: StunPort: stun host lookup received error -1
[23392:41420:0602/122207.376:WARNING:stun_port.cc(442)] Port[42f3800:2:1:0:host:Net[any:0:0:0:x:x:x:x:x/0:Wildcard:id=0]]: StunPort: stun host lookup received error -1
[4420:45816:0602/122424.940:WARNING:browser_info.cc(345)] Returning a speculative frame for [28,9]
[4420:5760:0602/122424.976:WARNING:browser_info.cc(345)] Returning a speculative frame for [28,9]
[4420:5760:0602/122424.976:WARNING:browser_info.cc(345)] Returning a speculative frame for [28,9]
[4420:5760:0602/122424.976:WARNING:browser_info.cc(345)] Returning a speculative frame for [28,9]
[4420:5760:0602/122424.976:WARNING:browser_info.cc(345)] Returning a speculative frame for [28,9]
[49112:11256:0602/122426.189:WARNING:codec.cc(525)] Explicitly added H264 constrained baseline to list of supported formats.
[49112:11256:0602/122426.201:WARNING:codec.cc(525)] Explicitly added H264 constrained baseline to list of supported formats.
[49112:46896:0602/122426.210:WARNING:codec.cc(525)] Explicitly added H264 constrained baseline to list of supported formats.
[49112:46896:0602/122426.210:WARNING:codec.cc(525)] Explicitly added H264 constrained baseline to list of supported formats.
[49112:46896:0602/122426.210:WARNING:codec.cc(525)] Explicitly added H264 constrained baseline to list of supported formats.
[20680:5492:0602/122426.241:WARNING:host_resolver_dns_task.cc(863)] Address list empty after RFC3484 sort
[20680:5492:0602/122426.248:ERROR:socket_manager.cc(147)] Failed to resolve address for stun.cloudflare.com., errorcode: -105
[20680:5492:0602/122426.248:ERROR:socket_manager.cc(147)] Failed to resolve address for stun.cloudflare.com., errorcode: -105
[20680:5492:0602/122426.248:ERROR:socket_manager.cc(147)] Failed to resolve address for stun.cloudflare.com., errorcode: -105
[49112:46896:0602/122426.249:WARNING:stun_port.cc(442)] Port[3a3a800:0:1:0:host:Net[any:0:0:0:x:x:x:x:x/0:Wildcard:id=0]]: StunPort: stun host lookup received error -1
[49112:46896:0602/122426.249:WARNING:stun_port.cc(442)] Port[3a3b000:1:1:0:host:Net[any:0:0:0:x:x:x:x:x/0:Wildcard:id=0]]: StunPort: stun host lookup received error -1
[49112:46896:0602/122426.249:WARNING:stun_port.cc(442)] Port[3a3b800:2:1:0:host:Net[any:0:0:0:x:x:x:x:x/0:Wildcard:id=0]]: StunPort: stun host lookup received error -1
[4420:45816:0602/122644.930:WARNING:browser_info.cc(345)] Returning a speculative frame for [29,9]
[4420:5760:0602/122644.967:WARNING:browser_info.cc(345)] Returning a speculative frame for [29,9]
[4420:5760:0602/122644.967:WARNING:browser_info.cc(345)] Returning a speculative frame for [29,9]
[4420:5760:0602/122644.967:WARNING:browser_info.cc(345)] Returning a speculative frame for [29,9]
[4420:5760:0602/122644.967:WARNING:browser_info.cc(345)] Returning a speculative frame for [29,9]
[31796:11456:0602/122647.556:WARNING:codec.cc(525)] Explicitly added H264 constrained baseline to list of supported formats.
[31796:11456:0602/122647.566:WARNING:codec.cc(525)] Explicitly added H264 constrained baseline to list of supported formats.
[31796:32296:0602/122647.574:WARNING:codec.cc(525)] Explicitly added H264 constrained baseline to list of supported formats.
[31796:32296:0602/122647.574:WARNING:codec.cc(525)] Explicitly added H264 constrained baseline to list of supported formats.
[31796:32296:0602/122647.575:WARNING:codec.cc(525)] Explicitly added H264 constrained baseline to list of supported formats.
[20680:5492:0602/122647.604:WARNING:host_resolver_dns_task.cc(863)] Address list empty after RFC3484 sort
[20680:5492:0602/122647.604:ERROR:socket_manager.cc(147)] Failed to resolve address for stun.cloudflare.com., errorcode: -105
[20680:5492:0602/122647.604:ERROR:socket_manager.cc(147)] Failed to resolve address for stun.cloudflare.com., errorcode: -105
[20680:5492:0602/122647.604:ERROR:socket_manager.cc(147)] Failed to resolve address for stun.cloudflare.com., errorcode: -105
[31796:32296:0602/122647.605:WARNING:stun_port.cc(442)] Port[5065400:0:1:0:host:Net[any:0:0:0:x:x:x:x:x/0:Wildcard:id=0]]: StunPort: stun host lookup received error -1
[31796:32296:0602/122647.607:WARNING:stun_port.cc(442)] Port[5065c00:1:1:0:host:Net[any:0:0:0:x:x:x:x:x/0:Wildcard:id=0]]: StunPort: stun host lookup received error -1
[31796:32296:0602/122647.607:WARNING:stun_port.cc(442)] Port[5066400:2:1:0:host:Net[any:0:0:0:x:x:x:x:x/0:Wildcard:id=0]]: StunPort: stun host lookup received error -1
[4420:45816:0602/122903.967:WARNING:browser_info.cc(345)] Returning a speculative frame for [30,9]
[4420:5760:0602/122904.001:WARNING:browser_info.cc(345)] Returning a speculative frame for [30,9]
[4420:5760:0602/122904.002:WARNING:browser_info.cc(345)] Returning a speculative frame for [30,9]
[4420:5760:0602/122904.002:WARNING:browser_info.cc(345)] Returning a speculative frame for [30,9]
[4420:5760:0602/122904.002:WARNING:browser_info.cc(345)] Returning a speculative frame for [30,9]
[17352:17540:0602/122905.977:WARNING:codec.cc(525)] Explicitly added H264 constrained baseline to list of supported formats.
[17352:17540:0602/122905.982:WARNING:codec.cc(525)] Explicitly added H264 constrained baseline to list of supported formats.
[17352:20940:0602/122905.989:WARNING:codec.cc(525)] Explicitly added H264 constrained baseline to list of supported formats.
[17352:20940:0602/122905.989:WARNING:codec.cc(525)] Explicitly added H264 constrained baseline to list of supported formats.
[17352:20940:0602/122905.990:WARNING:codec.cc(525)] Explicitly added H264 constrained baseline to list of supported formats.
[20680:5492:0602/122906.007:WARNING:host_resolver_dns_task.cc(863)] Address list empty after RFC3484 sort
[20680:5492:0602/122906.014:ERROR:socket_manager.cc(147)] Failed to resolve address for stun.cloudflare.com., errorcode: -105
[20680:5492:0602/122906.014:ERROR:socket_manager.cc(147)] Failed to resolve address for stun.cloudflare.com., errorcode: -105
[20680:5492:0602/122906.014:ERROR:socket_manager.cc(147)] Failed to resolve address for stun.cloudflare.com., errorcode: -105
[17352:20940:0602/122906.014:WARNING:stun_port.cc(442)] Port[4259800:0:1:0:host:Net[any:0:0:0:x:x:x:x:x/0:Wildcard:id=0]]: StunPort: stun host lookup received error -1
[17352:20940:0602/122906.014:WARNING:stun_port.cc(442)] Port[425b000:1:1:0:host:Net[any:0:0:0:x:x:x:x:x/0:Wildcard:id=0]]: StunPort: stun host lookup received error -1
[17352:20940:0602/122906.014:WARNING:stun_port.cc(442)] Port[425b800:2:1:0:host:Net[any:0:0:0:x:x:x:x:x/0:Wildcard:id=0]]: StunPort: stun host lookup received error -1
[4420:45816:0602/123123.010:WARNING:browser_info.cc(345)] Returning a speculative frame for [31,9]
[4420:5760:0602/123123.026:WARNING:browser_info.cc(345)] Returning a speculative frame for [31,9]
[4420:5760:0602/123123.026:WARNING:browser_info.cc(345)] Returning a speculative frame for [31,9]
[4420:5760:0602/123123.026:WARNING:browser_info.cc(345)] Returning a speculative frame for [31,9]
[4420:5760:0602/123123.026:WARNING:browser_info.cc(345)] Returning a speculative frame for [31,9]
[32388:24072:0602/123123.978:WARNING:codec.cc(525)] Explicitly added H264 constrained baseline to list of supported formats.
[32388:24072:0602/123123.994:WARNING:codec.cc(525)] Explicitly added H264 constrained baseline to list of supported formats.
[32388:45172:0602/123124.003:WARNING:codec.cc(525)] Explicitly added H264 constrained baseline to list of supported formats.
[32388:45172:0602/123124.003:WARNING:codec.cc(525)] Explicitly added H264 constrained baseline to list of supported formats.
[32388:45172:0602/123124.004:WARNING:codec.cc(525)] Explicitly added H264 constrained baseline to list of supported formats.
[20680:5492:0602/123124.027:WARNING:host_resolver_dns_task.cc(863)] Address list empty after RFC3484 sort
[20680:5492:0602/123124.027:ERROR:socket_manager.cc(147)] Failed to resolve address for stun.cloudflare.com., errorcode: -105
[20680:5492:0602/123124.028:ERROR:socket_manager.cc(147)] Failed to resolve address for stun.cloudflare.com., errorcode: -105
[20680:5492:0602/123124.028:ERROR:socket_manager.cc(147)] Failed to resolve address for stun.cloudflare.com., errorcode: -105
[32388:45172:0602/123124.028:WARNING:stun_port.cc(442)] Port[3756400:0:1:0:host:Net[any:0:0:0:x:x:x:x:x/0:Wildcard:id=0]]: StunPort: stun host lookup received error -1
[32388:45172:0602/123124.028:WARNING:stun_port.cc(442)] Port[3756c00:1:1:0:host:Net[any:0:0:0:x:x:x:x:x/0:Wildcard:id=0]]: StunPort: stun host lookup received error -1
[32388:45172:0602/123124.029:WARNING:stun_port.cc(442)] Port[3757400:2:1:0:host:Net[any:0:0:0:x:x:x:x:x/0:Wildcard:id=0]]: StunPort: stun host lookup received error -1
[4420:45816:0602/123342.932:WARNING:browser_info.cc(345)] Returning a speculative frame for [32,9]
[4420:5760:0602/123342.970:WARNING:browser_info.cc(345)] Returning a speculative frame for [32,9]
[4420:5760:0602/123342.970:WARNING:browser_info.cc(345)] Returning a speculative frame for [32,9]
[4420:5760:0602/123342.970:WARNING:browser_info.cc(345)] Returning a speculative frame for [32,9]
[4420:5760:0602/123342.970:WARNING:browser_info.cc(345)] Returning a speculative frame for [32,9]
[32016:39804:0602/123344.072:WARNING:codec.cc(525)] Explicitly added H264 constrained baseline to list of supported formats.
[32016:39804:0602/123344.082:WARNING:codec.cc(525)] Explicitly added H264 constrained baseline to list of supported formats.
[32016:8460:0602/123344.093:WARNING:codec.cc(525)] Explicitly added H264 constrained baseline to list of supported formats.
[32016:8460:0602/123344.094:WARNING:codec.cc(525)] Explicitly added H264 constrained baseline to list of supported formats.
[32016:8460:0602/123344.094:WARNING:codec.cc(525)] Explicitly added H264 constrained baseline to list of supported formats.
[20680:5492:0602/123344.123:WARNING:host_resolver_dns_task.cc(863)] Address list empty after RFC3484 sort
[20680:5492:0602/123344.130:ERROR:socket_manager.cc(147)] Failed to resolve address for stun.cloudflare.com., errorcode: -105
[20680:5492:0602/123344.130:ERROR:socket_manager.cc(147)] Failed to resolve address for stun.cloudflare.com., errorcode: -105
[20680:5492:0602/123344.130:ERROR:socket_manager.cc(147)] Failed to resolve address for stun.cloudflare.com., errorcode: -105
[32016:8460:0602/123344.131:WARNING:stun_port.cc(442)] Port[278cc00:0:1:0:host:Net[any:0:0:0:x:x:x:x:x/0:Wildcard:id=0]]: StunPort: stun host lookup received error -1
[32016:8460:0602/123344.131:WARNING:stun_port.cc(442)] Port[278d400:1:1:0:host:Net[any:0:0:0:x:x:x:x:x/0:Wildcard:id=0]]: StunPort: stun host lookup received error -1
[32016:8460:0602/123344.131:WARNING:stun_port.cc(442)] Port[278dc00:2:1:0:host:Net[any:0:0:0:x:x:x:x:x/0:Wildcard:id=0]]: StunPort: stun host lookup received error -1
[4420:45816:0602/123601.917:WARNING:browser_info.cc(345)] Returning a speculative frame for [33,9]
[4420:5760:0602/123601.933:WARNING:browser_info.cc(345)] Returning a speculative frame for [33,9]
[4420:5760:0602/123601.934:WARNING:browser_info.cc(345)] Returning a speculative frame for [33,9]
[4420:5760:0602/123601.934:WARNING:browser_info.cc(345)] Returning a speculative frame for [33,9]
[4420:5760:0602/123601.934:WARNING:browser_info.cc(345)] Returning a speculative frame for [33,9]
[20020:45524:0602/123603.660:WARNING:codec.cc(525)] Explicitly added H264 constrained baseline to list of supported formats.
[20020:45524:0602/123603.668:WARNING:codec.cc(525)] Explicitly added H264 constrained baseline to list of supported formats.
[20020:30076:0602/123603.674:WARNING:codec.cc(525)] Explicitly added H264 constrained baseline to list of supported formats.
[20020:30076:0602/123603.674:WARNING:codec.cc(525)] Explicitly added H264 constrained baseline to list of supported formats.
[20020:30076:0602/123603.675:WARNING:codec.cc(525)] Explicitly added H264 constrained baseline to list of supported formats.
[20680:5492:0602/123603.691:WARNING:host_resolver_dns_task.cc(863)] Address list empty after RFC3484 sort
[20680:5492:0602/123603.697:ERROR:socket_manager.cc(147)] Failed to resolve address for stun.cloudflare.com., errorcode: -105
[20680:5492:0602/123603.697:ERROR:socket_manager.cc(147)] Failed to resolve address for stun.cloudflare.com., errorcode: -105
[20680:5492:0602/123603.697:ERROR:socket_manager.cc(147)] Failed to resolve address for stun.cloudflare.com., errorcode: -105
[20020:30076:0602/123603.698:WARNING:stun_port.cc(442)] Port[46cec00:0:1:0:host:Net[any:0:0:0:x:x:x:x:x/0:Wildcard:id=0]]: StunPort: stun host lookup received error -1
[20020:30076:0602/123603.698:WARNING:stun_port.cc(442)] Port[46cf400:1:1:0:host:Net[any:0:0:0:x:x:x:x:x/0:Wildcard:id=0]]: StunPort: stun host lookup received error -1
[20020:30076:0602/123603.698:WARNING:stun_port.cc(442)] Port[4cb0000:2:1:0:host:Net[any:0:0:0:x:x:x:x:x/0:Wildcard:id=0]]: StunPort: stun host lookup received error -1
[4420:45816:0602/123820.908:WARNING:browser_info.cc(345)] Returning a speculative frame for [34,9]
[4420:5760:0602/123820.948:WARNING:browser_info.cc(345)] Returning a speculative frame for [34,9]
[4420:5760:0602/123820.949:WARNING:browser_info.cc(345)] Returning a speculative frame for [34,9]
[4420:5760:0602/123820.949:WARNING:browser_info.cc(345)] Returning a speculative frame for [34,9]
[4420:5760:0602/123820.949:WARNING:browser_info.cc(345)] Returning a speculative frame for [34,9]
[46848:46332:0602/123822.893:WARNING:codec.cc(525)] Explicitly added H264 constrained baseline to list of supported formats.
[46848:46332:0602/123822.904:WARNING:codec.cc(525)] Explicitly added H264 constrained baseline to list of supported formats.
[46848:6404:0602/123822.912:WARNING:codec.cc(525)] Explicitly added H264 constrained baseline to list of supported formats.
[46848:6404:0602/123822.912:WARNING:codec.cc(525)] Explicitly added H264 constrained baseline to list of supported formats.
[46848:6404:0602/123822.913:WARNING:codec.cc(525)] Explicitly added H264 constrained baseline to list of supported formats.
[20680:5492:0602/123822.927:WARNING:host_resolver_dns_task.cc(863)] Address list empty after RFC3484 sort
[20680:5492:0602/123822.934:ERROR:socket_manager.cc(147)] Failed to resolve address for stun.cloudflare.com., errorcode: -105
[20680:5492:0602/123822.934:ERROR:socket_manager.cc(147)] Failed to resolve address for stun.cloudflare.com., errorcode: -105
[20680:5492:0602/123822.934:ERROR:socket_manager.cc(147)] Failed to resolve address for stun.cloudflare.com., errorcode: -105
[46848:6404:0602/123822.934:WARNING:stun_port.cc(442)] Port[40d8400:0:1:0:host:Net[any:0:0:0:x:x:x:x:x/0:Wildcard:id=0]]: StunPort: stun host lookup received error -1
[46848:6404:0602/123822.934:WARNING:stun_port.cc(442)] Port[40d8c00:1:1:0:host:Net[any:0:0:0:x:x:x:x:x/0:Wildcard:id=0]]: StunPort: stun host lookup received error -1
[46848:6404:0602/123822.934:WARNING:stun_port.cc(442)] Port[40d9400:2:1:0:host:Net[any:0:0:0:x:x:x:x:x/0:Wildcard:id=0]]: StunPort: stun host lookup received error -1
[4420:45816:0602/124039.944:WARNING:browser_info.cc(345)] Returning a speculative frame for [35,9]
[4420:5760:0602/124039.983:WARNING:browser_info.cc(345)] Returning a speculative frame for [35,9]
[4420:5760:0602/124039.983:WARNING:browser_info.cc(345)] Returning a speculative frame for [35,9]
[4420:5760:0602/124039.983:WARNING:browser_info.cc(345)] Returning a speculative frame for [35,9]
[4420:5760:0602/124039.983:WARNING:browser_info.cc(345)] Returning a speculative frame for [35,9]
[24976:49036:0602/124041.065:WARNING:codec.cc(525)] Explicitly added H264 constrained baseline to list of supported formats.
[24976:49036:0602/124041.074:WARNING:codec.cc(525)] Explicitly added H264 constrained baseline to list of supported formats.
[24976:3456:0602/124041.082:WARNING:codec.cc(525)] Explicitly added H264 constrained baseline to list of supported formats.
[24976:3456:0602/124041.082:WARNING:codec.cc(525)] Explicitly added H264 constrained baseline to list of supported formats.
[24976:3456:0602/124041.083:WARNING:codec.cc(525)] Explicitly added H264 constrained baseline to list of supported formats.
[20680:5492:0602/124041.098:WARNING:host_resolver_dns_task.cc(863)] Address list empty after RFC3484 sort
[20680:5492:0602/124041.105:ERROR:socket_manager.cc(147)] Failed to resolve address for stun.cloudflare.com., errorcode: -105
[20680:5492:0602/124041.105:ERROR:socket_manager.cc(147)] Failed to resolve address for stun.cloudflare.com., errorcode: -105
[20680:5492:0602/124041.105:ERROR:socket_manager.cc(147)] Failed to resolve address for stun.cloudflare.com., errorcode: -105
[24976:3456:0602/124041.106:WARNING:stun_port.cc(442)] Port[3e8a400:0:1:0:host:Net[any:0:0:0:x:x:x:x:x/0:Wildcard:id=0]]: StunPort: stun host lookup received error -1
[24976:3456:0602/124041.106:WARNING:stun_port.cc(442)] Port[3e8ac00:1:1:0:host:Net[any:0:0:0:x:x:x:x:x/0:Wildcard:id=0]]: StunPort: stun host lookup received error -1
[24976:3456:0602/124041.106:WARNING:stun_port.cc(442)] Port[3e8b400:2:1:0:host:Net[any:0:0:0:x:x:x:x:x/0:Wildcard:id=0]]: StunPort: stun host lookup received error -1
[4420:45816:0602/124258.929:WARNING:browser_info.cc(345)] Returning a speculative frame for [36,9]
[4420:5760:0602/124258.966:WARNING:browser_info.cc(345)] Returning a speculative frame for [36,9]
[4420:5760:0602/124258.966:WARNING:browser_info.cc(345)] Returning a speculative frame for [36,9]
[4420:5760:0602/124258.966:WARNING:browser_info.cc(345)] Returning a speculative frame for [36,9]
[4420:5760:0602/124258.966:WARNING:browser_info.cc(345)] Returning a speculative frame for [36,9]
[33580:26644:0602/124259.954:WARNING:codec.cc(525)] Explicitly added H264 constrained baseline to list of supported formats.
[33580:26644:0602/124259.967:WARNING:codec.cc(525)] Explicitly added H264 constrained baseline to list of supported formats.
[33580:13108:0602/124259.978:WARNING:codec.cc(525)] Explicitly added H264 constrained baseline to list of supported formats.
[33580:13108:0602/124259.978:WARNING:codec.cc(525)] Explicitly added H264 constrained baseline to list of supported formats.
[33580:13108:0602/124259.979:WARNING:codec.cc(525)] Explicitly added H264 constrained baseline to list of supported formats.
[20680:5492:0602/124300.003:WARNING:host_resolver_dns_task.cc(863)] Address list empty after RFC3484 sort
[20680:5492:0602/124300.004:ERROR:socket_manager.cc(147)] Failed to resolve address for stun.cloudflare.com., errorcode: -105
[20680:5492:0602/124300.004:ERROR:socket_manager.cc(147)] Failed to resolve address for stun.cloudflare.com., errorcode: -105
[20680:5492:0602/124300.004:ERROR:socket_manager.cc(147)] Failed to resolve address for stun.cloudflare.com., errorcode: -105
[33580:13108:0602/124300.005:WARNING:stun_port.cc(442)] Port[f95400:0:1:0:host:Net[any:0:0:0:x:x:x:x:x/0:Wildcard:id=0]]: StunPort: stun host lookup received error -1
[33580:13108:0602/124300.007:WARNING:stun_port.cc(442)] Port[1f87c00:1:1:0:host:Net[any:0:0:0:x:x:x:x:x/0:Wildcard:id=0]]: StunPort: stun host lookup received error -1
[33580:13108:0602/124300.007:WARNING:stun_port.cc(442)] Port[1f87800:2:1:0:host:Net[any:0:0:0:x:x:x:x:x/0:Wildcard:id=0]]: StunPort: stun host lookup received error -1
[4420:45816:0602/124517.848:WARNING:browser_info.cc(345)] Returning a speculative frame for [37,9]
[4420:5760:0602/124517.888:WARNING:browser_info.cc(345)] Returning a speculative frame for [37,9]
[4420:5760:0602/124517.888:WARNING:browser_info.cc(345)] Returning a speculative frame for [37,9]
[4420:5760:0602/124517.888:WARNING:browser_info.cc(345)] Returning a speculative frame for [37,9]
[4420:5760:0602/124517.888:WARNING:browser_info.cc(345)] Returning a speculative frame for [37,9]
[18304:39216:0602/124520.328:WARNING:codec.cc(525)] Explicitly added H264 constrained baseline to list of supported formats.
[18304:39216:0602/124520.338:WARNING:codec.cc(525)] Explicitly added H264 constrained baseline to list of supported formats.
[18304:2400:0602/124520.345:WARNING:codec.cc(525)] Explicitly added H264 constrained baseline to list of supported formats.
[18304:2400:0602/124520.346:WARNING:codec.cc(525)] Explicitly added H264 constrained baseline to list of supported formats.
[18304:2400:0602/124520.346:WARNING:codec.cc(525)] Explicitly added H264 constrained baseline to list of supported formats.
[20680:5492:0602/124520.376:WARNING:host_resolver_dns_task.cc(863)] Address list empty after RFC3484 sort
[20680:5492:0602/124520.382:ERROR:socket_manager.cc(147)] Failed to resolve address for stun.cloudflare.com., errorcode: -105
[20680:5492:0602/124520.382:ERROR:socket_manager.cc(147)] Failed to resolve address for stun.cloudflare.com., errorcode: -105
[20680:5492:0602/124520.382:ERROR:socket_manager.cc(147)] Failed to resolve address for stun.cloudflare.com., errorcode: -105
[18304:2400:0602/124520.382:WARNING:stun_port.cc(442)] Port[40ea400:0:1:0:host:Net[any:0:0:0:x:x:x:x:x/0:Wildcard:id=0]]: StunPort: stun host lookup received error -1
[18304:2400:0602/124520.382:WARNING:stun_port.cc(442)] Port[158e400:1:1:0:host:Net[any:0:0:0:x:x:x:x:x/0:Wildcard:id=0]]: StunPort: stun host lookup received error -1
[18304:2400:0602/124520.382:WARNING:stun_port.cc(442)] Port[40eac00:2:1:0:host:Net[any:0:0:0:x:x:x:x:x/0:Wildcard:id=0]]: StunPort: stun host lookup received error -1
[4420:45816:0602/124737.936:WARNING:browser_info.cc(345)] Returning a speculative frame for [38,9]
[4420:5760:0602/124737.975:WARNING:browser_info.cc(345)] Returning a speculative frame for [38,9]
[4420:5760:0602/124737.976:WARNING:browser_info.cc(345)] Returning a speculative frame for [38,9]
[4420:5760:0602/124737.976:WARNING:browser_info.cc(345)] Returning a speculative frame for [38,9]
[4420:5760:0602/124737.976:WARNING:browser_info.cc(345)] Returning a speculative frame for [38,9]
[46332:44124:0602/124738.715:WARNING:codec.cc(525)] Explicitly added H264 constrained baseline to list of supported formats.
[46332:44124:0602/124738.733:WARNING:codec.cc(525)] Explicitly added H264 constrained baseline to list of supported formats.
[46332:42796:0602/124738.743:WARNING:codec.cc(525)] Explicitly added H264 constrained baseline to list of supported formats.
[46332:42796:0602/124738.743:WARNING:codec.cc(525)] Explicitly added H264 constrained baseline to list of supported formats.
[46332:42796:0602/124738.744:WARNING:codec.cc(525)] Explicitly added H264 constrained baseline to list of supported formats.
[20680:5492:0602/124738.763:WARNING:host_resolver_dns_task.cc(863)] Address list empty after RFC3484 sort
[20680:5492:0602/124738.765:ERROR:socket_manager.cc(147)] Failed to resolve address for stun.cloudflare.com., errorcode: -105
[20680:5492:0602/124738.765:ERROR:socket_manager.cc(147)] Failed to resolve address for stun.cloudflare.com., errorcode: -105
[20680:5492:0602/124738.765:ERROR:socket_manager.cc(147)] Failed to resolve address for stun.cloudflare.com., errorcode: -105
[46332:42796:0602/124738.766:WARNING:stun_port.cc(442)] Port[221c400:0:1:0:host:Net[any:0:0:0:x:x:x:x:x/0:Wildcard:id=0]]: StunPort: stun host lookup received error -1
[46332:42796:0602/124738.767:WARNING:stun_port.cc(442)] Port[221cc00:1:1:0:host:Net[any:0:0:0:x:x:x:x:x/0:Wildcard:id=0]]: StunPort: stun host lookup received error -1
[46332:42796:0602/124738.767:WARNING:stun_port.cc(442)] Port[221d400:2:1:0:host:Net[any:0:0:0:x:x:x:x:x/0:Wildcard:id=0]]: StunPort: stun host lookup received error -1
[4420:45816:0602/124957.904:WARNING:browser_info.cc(345)] Returning a speculative frame for [39,9]
[4420:5760:0602/124957.944:WARNING:browser_info.cc(345)] Returning a speculative frame for [39,9]
[4420:5760:0602/124957.944:WARNING:browser_info.cc(345)] Returning a speculative frame for [39,9]
[4420:5760:0602/124957.944:WARNING:browser_info.cc(345)] Returning a speculative frame for [39,9]
[4420:5760:0602/124957.944:WARNING:browser_info.cc(345)] Returning a speculative frame for [39,9]
[18360:22848:0602/125000.715:WARNING:codec.cc(525)] Explicitly added H264 constrained baseline to list of supported formats.
[18360:22848:0602/125000.726:WARNING:codec.cc(525)] Explicitly added H264 constrained baseline to list of supported formats.
[18360:18348:0602/125000.735:WARNING:codec.cc(525)] Explicitly added H264 constrained baseline to list of supported formats.
[18360:18348:0602/125000.736:WARNING:codec.cc(525)] Explicitly added H264 constrained baseline to list of supported formats.
[18360:18348:0602/125000.736:WARNING:codec.cc(525)] Explicitly added H264 constrained baseline to list of supported formats.
[20680:5492:0602/125000.765:WARNING:host_resolver_dns_task.cc(863)] Address list empty after RFC3484 sort
[20680:5492:0602/125000.773:ERROR:socket_manager.cc(147)] Failed to resolve address for stun.cloudflare.com., errorcode: -105
[20680:5492:0602/125000.773:ERROR:socket_manager.cc(147)] Failed to resolve address for stun.cloudflare.com., errorcode: -105
[20680:5492:0602/125000.773:ERROR:socket_manager.cc(147)] Failed to resolve address for stun.cloudflare.com., errorcode: -105
[18360:18348:0602/125000.773:WARNING:stun_port.cc(442)] Port[4717400:0:1:0:host:Net[any:0:0:0:x:x:x:x:x/0:Wildcard:id=0]]: StunPort: stun host lookup received error -1
[18360:18348:0602/125000.773:WARNING:stun_port.cc(442)] Port[4e3c000:1:1:0:host:Net[any:0:0:0:x:x:x:x:x/0:Wildcard:id=0]]: StunPort: stun host lookup received error -1
[18360:18348:0602/125000.773:WARNING:stun_port.cc(442)] Port[4e3c400:2:1:0:host:Net[any:0:0:0:x:x:x:x:x/0:Wildcard:id=0]]: StunPort: stun host lookup received error -1
[4420:45816:0602/125216.910:WARNING:browser_info.cc(345)] Returning a speculative frame for [40,9]
[4420:5760:0602/125216.947:WARNING:browser_info.cc(345)] Returning a speculative frame for [40,9]
[4420:5760:0602/125216.947:WARNING:browser_info.cc(345)] Returning a speculative frame for [40,9]
[4420:5760:0602/125216.947:WARNING:browser_info.cc(345)] Returning a speculative frame for [40,9]
[4420:5760:0602/125216.947:WARNING:browser_info.cc(345)] Returning a speculative frame for [40,9]
[28144:17872:0602/125217.774:WARNING:codec.cc(525)] Explicitly added H264 constrained baseline to list of supported formats.
[28144:17872:0602/125217.787:WARNING:codec.cc(525)] Explicitly added H264 constrained baseline to list of supported formats.
[28144:19464:0602/125217.795:WARNING:codec.cc(525)] Explicitly added H264 constrained baseline to list of supported formats.
[28144:19464:0602/125217.795:WARNING:codec.cc(525)] Explicitly added H264 constrained baseline to list of supported formats.
[28144:19464:0602/125217.796:WARNING:codec.cc(525)] Explicitly added H264 constrained baseline to list of supported formats.
[20680:5492:0602/125217.825:WARNING:host_resolver_dns_task.cc(863)] Address list empty after RFC3484 sort
[20680:5492:0602/125217.826:ERROR:socket_manager.cc(147)] Failed to resolve address for stun.cloudflare.com., errorcode: -105
[20680:5492:0602/125217.826:ERROR:socket_manager.cc(147)] Failed to resolve address for stun.cloudflare.com., errorcode: -105
[20680:5492:0602/125217.826:ERROR:socket_manager.cc(147)] Failed to resolve address for stun.cloudflare.com., errorcode: -105
[28144:19464:0602/125217.826:WARNING:stun_port.cc(442)] Port[87b000:0:1:0:host:Net[any:0:0:0:x:x:x:x:x/0:Wildcard:id=0]]: StunPort: stun host lookup received error -1
[28144:19464:0602/125217.826:WARNING:stun_port.cc(442)] Port[1d73800:1:1:0:host:Net[any:0:0:0:x:x:x:x:x/0:Wildcard:id=0]]: StunPort: stun host lookup received error -1
[28144:19464:0602/125217.826:WARNING:stun_port.cc(442)] Port[1d73000:2:1:0:host:Net[any:0:0:0:x:x:x:x:x/0:Wildcard:id=0]]: StunPort: stun host lookup received error -1
[9728:35272:0602/125437.141:ERROR:shared_image_manager.cc(224)] SharedImageManager::ProduceSkia: Trying to Produce a Skia representation from a non-existent mailbox.
[9728:35272:0602/125437.141:ERROR:shared_image_manager.cc(224)] SharedImageManager::ProduceSkia: Trying to Produce a Skia representation from a non-existent mailbox.
[4420:5760:0602/153133.015:WARNING:pref_notifier_impl.cc(41)] Pref observer for media_router.cast_allow_all_ips found at shutdown.
